"C:/Users/julianstj/Desktop/WorkNotes/Projects/PTP/WiWi/SDR/Software/ECP5_Test/top.v=work,Verilog 2001"
"C:/Users/julianstj/Desktop/WorkNotes/Projects/PTP/WiWi/SDR/Software/ECP5_Test/lvds_rx.v=work,Verilog 2001"
"C:/Users/julianstj/Desktop/WorkNotes/Projects/PTP/WiWi/SDR/Software/ECP5_Test/myled.v=work,Verilog 2001"
"C:/Users/julianstj/Desktop/WorkNotes/Projects/PTP/WiWi/SDR/Software/ECP5_Test/myspi.v=work,Verilog 2001"
"C:/Users/julianstj/Desktop/WorkNotes/Projects/PTP/WiWi/SDR/Software/ECP5_Test/filter.v=work,Verilog 2001"
"C:/Users/julianstj/Desktop/WorkNotes/Projects/PTP/WiWi/SDR/Software/ECP5_Test/i2cslave_controller.v=work,Verilog 2001"
"C:/Users/julianstj/Desktop/WorkNotes/Projects/PTP/WiWi/SDR/Software/ECP5_Test/i2cslave_controller_top.v=work,Verilog 2001"
"C:/Users/julianstj/Desktop/WorkNotes/Projects/PTP/WiWi/SDR/Software/ECP5_Test/internal_pll/internal_pll.v=work,Verilog 2001"
"C:/Users/julianstj/Desktop/WorkNotes/Projects/PTP/WiWi/SDR/Software/ECP5_Test/fifo_dc_16in_16out/fifo_dc_16in_16out.v=work,Verilog 2001"
"C:/Users/julianstj/Desktop/WorkNotes/Projects/PTP/WiWi/SDR/Software/ECP5_Test/fifo_dc_2in_2out/fifo_dc_2in_2out.v=work,Verilog 2001"
"C:/Users/julianstj/Desktop/WorkNotes/Projects/PTP/WiWi/SDR/Software/ECP5_Test/ddr_workaround.v=work,Verilog 2001"
"C:/Users/julianstj/Desktop/WorkNotes/Projects/PTP/WiWi/SDR/Software/ECP5_Test/fifo_dc_32in_1out/fifo_dc_32in_1out.v=work,Verilog 2001"
"C:/Users/julianstj/Desktop/WorkNotes/Projects/PTP/WiWi/SDR/Software/ECP5_Test/pll_10MHzInput/pll_10MHzInput.v=work,Verilog 2001"
"C:/Users/julianstj/Desktop/WorkNotes/Projects/PTP/WiWi/SDR/Software/ECP5_Test/i2c_slave_wbm.v=work,Verilog 2001"
"C:/Users/julianstj/Desktop/WorkNotes/Projects/PTP/WiWi/SDR/Software/ECP5_Test/i2c_slave.v=work,Verilog 2001"
"C:/Users/julianstj/Desktop/WorkNotes/Projects/PTP/WiWi/SDR/Software/ECP5_Test/my_lvds_rx.v=work,Verilog 2001"
"C:/Users/julianstj/Desktop/WorkNotes/Projects/PTP/WiWi/SDR/Software/ECP5_Test/testbench.v=work,Verilog 2001"
